should set values properly:
  1: |
    rules:
      - host: localhost
        http:
          paths:
            - backend:
                service:
                  name: release-cryptpad
                  port:
                    number: 80
              path: /
              pathType: ImplementationSpecific
            - backend:
                service:
                  name: release-cryptpad
                  port:
                    number: 83
              path: /cryptpad_websocket
              pathType: ImplementationSpecific
